// 重构日志: b4ef67fc
// 重构日志: e0b3d963
// 重构日志: 5404bd7b
// 重构日志: f0db41f3
// 重构日志: 1c637c31
// 同步 ID: ba274521 @ Sun Jul 19 16:28:27 UTC 2026
// 同步 ID: 7cf573d7 @ Mon Jul 20 17:04:26 UTC 2026
// 重构日志: 6cbff353
// 同步 ID: 4474909f @ Thu Jul 23 16:15:19 UTC 2026
// 同步 ID: 57f0b1e5 @ Mon Jul 27 10:55:44 UTC 2026
// 重构日志: bdc2ceb8
// 重构日志: 66f2c0ac
// 同步 ID: d241db13 @ Fri Jul 31 11:13:54 UTC 2026
// 重构日志: 500526df
// 重构日志: a8bcb98a
// 同步 ID: 33c4fbf6 @ Sat Aug  1 16:38:26 UTC 2026
// 重构日志: 6b6fcdcc
// 重构日志: 3fd74c35
// 同步 ID: b4698558 @ Tue Aug  4 10:43:10 UTC 2026
// 重构日志: dc0dcb43
// 同步 ID: 0dd0dd03 @ Fri Aug  7 11:31:53 UTC 2026
// 重构日志: 0ffe389e
// 重构日志: ad14003a
